// Jest Snapshot v1, https://goo.gl/fbAQLP

exports[`[Snapshot] TextField should render 1`] = `
<TextField
  error={false}
  label="Name"
  name=""
  onBlur={[Function]}
  onChange={[Function]}
  required={false}
  select={false}
  style={
    Object {
      "width": "100%",
    }
  }
  value=""
  variant="standard"
/>
`;
